# serializer version: 1
# name: test_load_all_tests
  list([
    CommentedMap({
      'script': CommentedSeq([
        'echo "Hello world"',
        'pytest ./tests',
      ]),
      'requirements': CommentedMap({
        'run': CommentedSeq([
          'pytest',
        ]),
      }),
      'files': CommentedMap({
        'source': CommentedSeq([
          'tests/',
          'test.py',
          '*.sh',
        ]),
        'recipe': CommentedSeq([
          'more_tests/*.py',
        ]),
      }),
    }),
    CommentedMap({
      'python': CommentedMap({
        'imports': CommentedSeq([
          'mypkg',
          'mypkg.subpkg',
        ]),
      }),
    }),
  ])
# ---
# name: test_load_recipe_with_missing_selectors
  dict({
    'package': dict({
      'name': 'some-osx-recipe',
      'version': '1.0.0',
    }),
    'requirements': dict({
      'build': list([
        'python',
        'ruby',
        'rust',
      ]),
    }),
  })
# ---
# name: test_load_variants
  dict({
    'numpy': list([
      1.22,
      1.22,
    ]),
    'python': list([
      '3.8.* *_cpython',
      '3.9.* *_cpython',
    ]),
    'python_impl': list([
      'cpython',
      'cpython',
    ]),
    'ruby': list([
      2.5,
    ]),
  })
# ---
